faucet image tag: latest
Cleanup docker-compose...
run command: docker-compose --compatibility -p local -f docker-compose/docker-compose-ci.yml down -t 1
 Container local_indexer_1  Stopping
 Container local_proxy_1  Stopping
 Container local_gas_tank_1  Stopping
 Container local_gas_tank_1  Stopped
 Container local_gas_tank_1  Removing
 Container local_gas_tank_1  Removed
 Container local_faucet_1  Stopping
 Container local_proxy_1  Stopped
 Container local_proxy_1  Removing
 Container local_proxy_1  Removed
 Container local_indexer_1  Stopped
 Container local_indexer_1  Removing
 Container local_indexer_1  Removed
 Container local_dbcreation_1  Stopping
 Container local_dbcreation_1  Stopped
 Container local_dbcreation_1  Removing
 Container local_dbcreation_1  Removed
 Container local_postgres_1  Stopping
 Container local_postgres_1  Stopped
 Container local_postgres_1  Removing
 Container local_postgres_1  Removed
 Container local_faucet_1  Stopped
 Container local_faucet_1  Removing
 Container local_faucet_1  Removed
 Container local_solana_1  Stopping
